Microchip MPLAB XC8 Compiler V2.36

Linker command line:

-W-3 --edf=C:\Program Files\Microchip\xc8\v2.36\pic\dat\en_msgs.txt -cn \
  -h+dist/default/production\Cerradura.X.production.sym \
  --cmf=dist/default/production\Cerradura.X.production.cmf -z -Q16F887 \
  -oC:\Users\felip\AppData\Local\Temp\xcAsefs.4 --defsym=__MPLAB_BUILD=1 \
  -Mdist/default/production/Cerradura.X.production.map \
  --md=C:\Users\felip\AppData\Local\Temp\xcAsefs.dat -E1 -ver=XC8 Compiler \
  --acfsm=1493 -ACODE=00h-07FFhx4 -ASTRCODE=00h-01FFFh -ASTRING=00h-0FFhx32 \
  -ACONST=00h-0FFhx32 -AENTRY=00h-0FFhx32 -ACOMMON=070h-07Fh \
  -ABANK0=020h-06Fh -ABANK1=0A0h-0EFh -ABANK2=0110h-016Fh \
  -ABANK3=0190h-01EFh -ARAM=020h-06Fh,0A0h-0EFh,0110h-016Fh,0190h-01EFh \
  -AABS1=020h-07Fh,0A0h-0EFh,0110h-016Fh,0190h-01EFh -ASFR0=00h-01Fh \
  -ASFR1=080h-09Fh -ASFR2=0100h-010Fh -ASFR3=0180h-018Fh \
  -ACONFIG=02007h-02008h -DCONFIG=2 -AIDLOC=02000h-02003h -DIDLOC=2 \
  -AEEDATA=00h-0FFh/02100h -peeprom_data=EEDATA -DEEDATA=2 -DCODE=2 \
  -DSTRCODE=2 -DSTRING=2 -DCONST=2 -DENTRY=2 \
  -preset_vec=00h,intentry,init,end_init -ppowerup=CODE -pcinit=CODE \
  -pfunctab=ENTRY -k C:\Users\felip\AppData\Local\Temp\xcAsefs.o \
  dist/default/production\Cerradura.X.production.o 

Object code version is 3.11

Machine type is 16F887



                Name                               Link     Load   Length Selector   Space Scale
C:\Users\felip\AppData\Local\Temp\xcAsefs.o
                end_init                              0        0        3        0       0
                config                             2007     2007        2        0       4
dist/default/production\Cerradura.X.production.o
                cinit                               7E7      7E7       19      FCE       0
                config                             2007     2007        2        0       4
                text22                              FB9      FB9       22     1F72       0
                text21                              F9F      F9F       1A     1F3E       0
                text20                              F6C      F6C        D     1ED8       0
                text19                              23F      23F       52      47E       0
                text18                              101      101       37      202       0
                text17                               D1       D1       30      1A2       0
                text16                              291      291       52      522       0
                text15                              2E3      2E3       5D      5C6       0
                text14                              340      340       A2      680       0
                text13                              FDB      FDB       25     1FB6       0
                text12                              F5C      F5C        4     1EB8       0
                text11                              F60      F60        4     1EC0       0
                text10                               94       94        4      128       0
                text9                                A5       A5       2C      14A       0
                text8                               F79      F79        D     1EF2       0
                text7                                98       98        D      130       0
                text6                               1F2      1F2       4D      3E4       0
                text5                               F86      F86       19     1F0C       0
                text4                               1AE      1AE       44      35C       0
                text3                               138      138       3A      270       0
                text2                               3E2      3E2       E8      7C4       0
                text1                               172      172       3C      2E4       0
                maintext                            4CA      4CA      31D      994       0
                cstackBANK0                          20       20       29       20       1
                cstackCOMMON                         70       70        E       70       1
                clrtext                             F64      F64        8     1EC8       0
                dataBANK0                            5B       5B        2       20       1
                bssBANK0                             49       49       12       20       1
                strings                               3        3       8E        6       0
                idataBANK0                           92       92        2      124       0

TOTAL           Name                               Link     Load   Length     Space
        CLASS   CODE           
                end_init                              0        0        3         0
                cinit                               7E7      7E7       19         0
                text22                              FB9      FB9       22         0
                text21                              F9F      F9F       1A         0
                text20                              F6C      F6C        D         0
                text19                              23F      23F       52         0
                text18                              101      101       37         0
                text17                               D1       D1       30         0
                text16                              291      291       52         0
                text15                              2E3      2E3       5D         0
                text14                              340      340       A2         0
                text13                              FDB      FDB       25         0
                text12                              F5C      F5C        4         0
                text11                              F60      F60        4         0
                text10                               94       94        4         0
                text9                                A5       A5       2C         0
                text8                               F79      F79        D         0
                text7                                98       98        D         0
                text6                               1F2      1F2       4D         0
                text5                               F86      F86       19         0
                text4                               1AE      1AE       44         0
                text3                               138      138       3A         0
                text2                               3E2      3E2       E8         0
                text1                               172      172       3C         0
                maintext                            4CA      4CA      31D         0
                clrtext                             F64      F64        8         0
                idataBANK0                           92       92        2         0

        CLASS   STRCODE        

        CLASS   STRING         
                strings                               3        3       8E         0

        CLASS   CONST          

        CLASS   ENTRY          

        CLASS   COMMON         
                cstackCOMMON                         70       70        E         1

        CLASS   BANK0          
                cstackBANK0                          20       20       29         1
                dataBANK0                            5B       5B        2         1
                bssBANK0                             49       49       12         1

        CLASS   BANK1          

        CLASS   BANK2          

        CLASS   BANK3          

        CLASS   RAM            

        CLASS   ABS1           
                abs_s1                               7E       7E        2         1

        CLASS   SFR0           

        CLASS   SFR1           

        CLASS   SFR2           

        CLASS   SFR3           

        CLASS   CONFIG         
                config                             2007     2007        2         4

        CLASS   IDLOC          

        CLASS   EEDATA         

        CLASS   STACK          



SEGMENTS        Name                           Load    Length   Top    Selector   Space  Class     Delta

                reset_vec                      000000  000003  000003         0       0  CODE        2
                strings                        000003  00008E  000091         6       0  STRING      2
                cstackBANK0                    000020  00003D  00005D        20       1  BANK0       1
                cstackCOMMON                   000070  00000E  00007E        70       1  COMMON      1
                idataBANK0                     000092  000002  000094       124       0  CODE        2
                text10                         000094  000004  000098       128       0  CODE        2
                text7                          000098  00000D  0000A5       130       0  CODE        2
                text9                          0000A5  00002C  0000D1       14A       0  CODE        2
                text17                         0000D1  000030  000101       1A2       0  CODE        2
                text18                         000101  000037  000138       202       0  CODE        2
                text3                          000138  00003A  000172       270       0  CODE        2
                text1                          000172  00003C  0001AE       2E4       0  CODE        2
                text4                          0001AE  000044  0001F2       35C       0  CODE        2
                text6                          0001F2  00004D  00023F       3E4       0  CODE        2
                text19                         00023F  000052  000291       47E       0  CODE        2
                text16                         000291  000052  0002E3       522       0  CODE        2
                text15                         0002E3  00005D  000340       5C6       0  CODE        2
                text14                         000340  0000A2  0003E2       680       0  CODE        2
                text2                          0003E2  0000E8  0004CA       7C4       0  CODE        2
                maintext                       0004CA  00031D  0007E7       994       0  CODE        2
                cinit                          0007E7  000019  000800       FCE       0  CODE        2
                text12                         000F5C  000004  000F60      1EB8       0  CODE        2
                text11                         000F60  000004  000F64      1EC0       0  CODE        2
                clrtext                        000F64  000008  000F6C      1EC8       0  CODE        2
                text20                         000F6C  00000D  000F79      1ED8       0  CODE        2
                text8                          000F79  00000D  000F86      1EF2       0  CODE        2
                text5                          000F86  000019  000F9F      1F0C       0  CODE        2
                text21                         000F9F  00001A  000FB9      1F3E       0  CODE        2
                text22                         000FB9  000022  000FDB      1F72       0  CODE        2
                text13                         000FDB  000025  001000      1FB6       0  CODE        2


UNUSED ADDRESS RANGES

        Name                Unused          Largest block    Delta
        BANK0            005D-006F             13           1
        BANK1            00A0-00EF             50           1
        BANK2            0110-016F             60           1
        BANK3            0190-01EF             60           1
        CODE             0091-0091              1           2
                         0800-0F5B            75C
                         1000-1FFF            800
        CONST            0091-0091              1           2
                         0800-0F5B            100
                         1000-1FFF            100
        EEDATA           2100-21FF            100           2
        ENTRY            0091-0091              1           2
                         0800-0F5B            100
                         1000-1FFF            100
        IDLOC            2000-2003              4           2
        RAM              005D-006F             13           1
                         00A0-00EF             50
                         0110-016F             60
                         0190-01EF             60
        SFR0             0000-001F             20           1
        SFR1             0080-009F             20           1
        SFR2             0100-010F             10           1
        SFR3             0180-018F             10           1
        STRCODE          0091-0091              1           2
                         0800-0F5B            75C
                         1000-1FFF           1000
        STRING           0091-0091              1           2
                         0800-0F5B            100
                         1000-1FFF            100

                                  Symbol Table

?___lwdiv                  cstackCOMMON 0070
?___lwmod                  cstackCOMMON 0078
?___wmul                   cstackCOMMON 0070
?_sprintf                  cstackBANK0  0020
Alarma@a                   cstackBANK0  0020
Lcd_Cmd@a                  cstackCOMMON 0073
Lcd_Port@a                 cstackCOMMON 0070
Lcd_Set_Cursor@a           cstackCOMMON 0077
Lcd_Set_Cursor@b           cstackCOMMON 0074
Lcd_Set_Cursor@temp        cstackCOMMON 007A
Lcd_Set_Cursor@y           cstackCOMMON 0079
Lcd_Set_Cursor@z           cstackCOMMON 0078
Lcd_Write_Char@a           cstackCOMMON 0074
Lcd_Write_Char@temp        cstackCOMMON 0072
Lcd_Write_Char@y           cstackCOMMON 0073
Lcd_Write_String@a         cstackCOMMON 0075
Lcd_Write_String@i         cstackCOMMON 0077
_Alarma                    text16       0291
_Lcd_Clear                 text20       0F6C
_Lcd_Cmd                   text21       0F9F
_Lcd_Init                  text15       02E3
_Lcd_Port                  text22       0FB9
_Lcd_Set_Cursor            text19       023F
_Lcd_Shift_Left            text8        0F79
_Lcd_Shift_Right           text7        0098
_Lcd_Write_Char            text18       0101
_Lcd_Write_String          text17       00D1
_Leer_tecla                text14       0340
_PORTB                     (abs)        0006
_PORTC                     (abs)        0007
_PORTD                     (abs)        0008
_RB4                       (abs)        0034
_RB5                       (abs)        0035
_RB6                       (abs)        0036
_RC0                       (abs)        0038
_RC1                       (abs)        0039
_RC2                       (abs)        003A
_RD2                       (abs)        0042
_RD3                       (abs)        0043
_RD4                       (abs)        0044
_RD5                       (abs)        0045
_RD6                       (abs)        0046
_RD7                       (abs)        0047
_TRISB                     (abs)        0086
_TRISC                     (abs)        0087
_TRISD                     (abs)        0088
__Habs1                    abs1         0000
__Hbank0                   bank0        0000
__Hbank1                   bank1        0000
__Hbank2                   bank2        0000
__Hbank3                   bank3        0000
__HbssBANK0                bssBANK0     0000
__Hcinit                   cinit        0800
__Hclrtext                 clrtext      0000
__Hcode                    code         0000
__Hcommon                  common       0000
__Hconfig                  config       2009
__HcstackBANK0             cstackBANK0  0000
__HcstackCOMMON            cstackCOMMON 0000
__HdataBANK0               dataBANK0    0000
__Heeprom_data             eeprom_data  0000
__Hend_init                end_init     0003
__Hfunctab                 functab      0000
__HidataBANK0              idataBANK0   0000
__Hinit                    init         0000
__Hintentry                intentry     0000
__Hmaintext                maintext     0000
__Hpowerup                 powerup      0000
__Hram                     ram          0000
__Hreset_vec               reset_vec    0000
__Hsfr0                    sfr0         0000
__Hsfr1                    sfr1         0000
__Hsfr2                    sfr2         0000
__Hsfr3                    sfr3         0000
__Hspace_0                 (abs)        1000
__Hspace_1                 (abs)        007E
__Hspace_2                 (abs)        0000
__Hspace_3                 (abs)        0000
__Hspace_4                 (abs)        4010
__Hstack                   stack        0000
__Hstrings                 strings      0000
__Htext                    text         0000
__Labs1                    abs1         0000
__Lbank0                   bank0        0000
__Lbank1                   bank1        0000
__Lbank2                   bank2        0000
__Lbank3                   bank3        0000
__LbssBANK0                bssBANK0     0000
__Lcinit                   cinit        07E7
__Lclrtext                 clrtext      0000
__Lcode                    code         0000
__Lcommon                  common       0000
__Lconfig                  config       0000
__LcstackBANK0             cstackBANK0  0000
__LcstackCOMMON            cstackCOMMON 0000
__LdataBANK0               dataBANK0    0000
__Leeprom_data             eeprom_data  0000
__Lend_init                end_init     0000
__Lfunctab                 functab      0000
__LidataBANK0              idataBANK0   0000
__Linit                    init         0000
__Lintentry                intentry     0000
__Lmaintext                maintext     0000
__Lpowerup                 powerup      0000
__Lram                     ram          0000
__Lreset_vec               reset_vec    0000
__Lsfr0                    sfr0         0000
__Lsfr1                    sfr1         0000
__Lsfr2                    sfr2         0000
__Lsfr3                    sfr3         0000
__Lspace_0                 (abs)        0000
__Lspace_1                 (abs)        0000
__Lspace_2                 (abs)        0000
__Lspace_3                 (abs)        0000
__Lspace_4                 (abs)        0000
__Lstack                   stack        0000
__Lstrings                 strings      0000
__Ltext                    text         0000
__S0                       (abs)        1000
__S1                       (abs)        007E
__S3                       (abs)        0000
___int_sp                  stack        0000
___latbits                 (abs)        0002
___lwdiv                   text4        01AE
___lwdiv@counter           cstackCOMMON 0077
___lwdiv@dividend          cstackCOMMON 0072
___lwdiv@divisor           cstackCOMMON 0070
___lwdiv@quotient          cstackCOMMON 0075
___lwmod                   text3        0138
___lwmod@counter           cstackCOMMON 007D
___lwmod@dividend          cstackCOMMON 007A
___lwmod@divisor           cstackCOMMON 0078
___sp                      stack        0000
___stackhi                 (abs)        0000
___stacklo                 (abs)        0000
___wmul                    text13       0FDB
___wmul@multiplicand       cstackCOMMON 0072
___wmul@multiplier         cstackCOMMON 0070
___wmul@product            cstackCOMMON 0074
__end_of_Alarma            text16       02E3
__end_of_Lcd_Clear         text20       0F79
__end_of_Lcd_Cmd           text21       0FB9
__end_of_Lcd_Init          text15       0340
__end_of_Lcd_Port          text22       0FDB
__end_of_Lcd_Set_Cursor    text19       0291
__end_of_Lcd_Shift_Left    text8        0F86
__end_of_Lcd_Shift_Right   text7        00A5
__end_of_Lcd_Write_Char    text18       0138
__end_of_Lcd_Write_String  text17       0101
__end_of_Leer_tecla        text14       03E2
__end_of___lwdiv           text4        01F2
__end_of___lwmod           text3        0172
__end_of___wmul            text13       1000
__end_of__initialization   cinit        07FC
__end_of__stringtab        strings      0013
__end_of_apagar_ledRojo    text12       0F60
__end_of_dpowers           strings      001D
__end_of_encender_ledRojo  text11       0F64
__end_of_encender_ledVerde text10       0098
__end_of_inicio            text9        00D1
__end_of_main              maintext     07E7
__end_of_mover             text6        023F
__end_of_pulsar_boton      text5        0F9F
__end_of_sprintf           text2        04CA
__end_of_ver_clave         text1        01AE
__initialization           cinit        07E7
__pbssBANK0                bssBANK0     0049
__pcstackBANK0             cstackBANK0  0020
__pcstackCOMMON            cstackCOMMON 0070
__pdataBANK0               dataBANK0    005B
__pidataBANK0              idataBANK0   0092
__pmaintext                maintext     04CA
__pstrings                 strings      0003
__ptext1                   text1        0172
__ptext10                  text10       0094
__ptext11                  text11       0F60
__ptext12                  text12       0F5C
__ptext13                  text13       0FDB
__ptext14                  text14       0340
__ptext15                  text15       02E3
__ptext16                  text16       0291
__ptext17                  text17       00D1
__ptext18                  text18       0101
__ptext19                  text19       023F
__ptext2                   text2        03E2
__ptext20                  text20       0F6C
__ptext21                  text21       0F9F
__ptext22                  text22       0FB9
__ptext3                   text3        0138
__ptext4                   text4        01AE
__ptext5                   text5        0F86
__ptext6                   text6        01F2
__ptext7                   text7        0098
__ptext8                   text8        0F79
__ptext9                   text9        00A5
__stringbase               strings      0012
__stringtab                strings      0003
_apagar_ledRojo            text12       0F5C
_clave                     bssBANK0     004B
_dpowers                   strings      0013
_encender_ledRojo          text11       0F60
_encender_ledVerde         text10       0094
_estado                    bssBANK0     004D
_inicio                    text9        00A5
_intentos                  bssBANK0     0057
_main                      maintext     04CA
_mover                     text6        01F2
_pulsar_boton              text5        0F86
_sprintf                   text2        03E2
_ver_clave                 text1        0172
_verificar                 bssBANK0     0055
_x                         bssBANK0     0049
_x1                        bssBANK0     0059
_x2                        bssBANK0     0053
_x3                        bssBANK0     0051
_x4                        bssBANK0     004F
btemp                      (abs)        007E
clear_ram0                 clrtext      0F64
end_of_initialization      cinit        07FC
intlevel0                  functab      0000
intlevel1                  functab      0000
intlevel2                  functab      0000
intlevel3                  functab      0000
intlevel4                  functab      0000
intlevel5                  functab      0000
main@buffer1               cstackBANK0  0033
main@tecla                 cstackBANK0  0047
mover@c                    cstackCOMMON 0077
mover@c_94                 cstackCOMMON 0079
reset_vec                  reset_vec    0000
sprintf@ap                 cstackBANK0  0026
sprintf@c                  cstackBANK0  002C
sprintf@f                  cstackBANK0  0020
sprintf@flag               cstackBANK0  0027
sprintf@prec               cstackBANK0  0028
sprintf@sp                 cstackBANK0  002B
sprintf@val                cstackBANK0  0029
start                      init         0000
start_initialization       cinit        07E7
ver_clave@buffer1          cstackBANK0  0020
wtemp0                     (abs)        007E


MODULE INFORMATION

Module		Function		Class		Link	Load	Size
C:\Program Files\Microchip\xc8\v2.36\pic\sources\c90\common\doprnt.c
		_sprintf       		CODE           	03E2	0000	232

C:\Program Files\Microchip\xc8\v2.36\pic\sources\c90\common\doprnt.c estimated size: 232

C:\Program Files\Microchip\xc8\v2.36\pic\sources\c90\common\lwmod.c
		___lwmod       		CODE           	0138	0000	58

C:\Program Files\Microchip\xc8\v2.36\pic\sources\c90\common\lwmod.c estimated size: 58

teclado.c
		_Leer_tecla    		CODE           	0340	0000	162

teclado.c estimated size: 162

C:\Program Files\Microchip\xc8\v2.36\pic\sources\c90\common\Umul16.c
		___wmul        		CODE           	0FDB	0000	37

C:\Program Files\Microchip\xc8\v2.36\pic\sources\c90\common\Umul16.c estimated size: 37

C:\Program Files\Microchip\xc8\v2.36\pic\sources\c90\common\lwdiv.c
		___lwdiv       		CODE           	01AE	0000	68

C:\Program Files\Microchip\xc8\v2.36\pic\sources\c90\common\lwdiv.c estimated size: 68

shared
		__stringtab    		STRING         	0003	0000	16
		_dpowers       		STRING         	0013	0000	10
		__initialization		CODE           	07E7	0000	21

shared estimated size: 47

lcd.c
		_Lcd_Write_String		CODE           	00D1	0000	48
		_Lcd_Shift_Left		CODE           	0F79	0000	13
		_Lcd_Init      		CODE           	02E3	0000	93
		_Lcd_Write_Char		CODE           	0101	0000	55
		_Lcd_Cmd       		CODE           	0F9F	0000	26
		_Lcd_Shift_Right		CODE           	0098	0000	13
		_Lcd_Set_Cursor		CODE           	023F	0000	82
		_Lcd_Clear     		CODE           	0F6C	0000	13
		_Lcd_Port      		CODE           	0FB9	0000	34

lcd.c estimated size: 377

main.c
		_apagar_ledRojo		CODE           	0F5C	0000	4
		_Alarma        		CODE           	0291	0000	82
		_main          		CODE           	04CA	0000	797
		_encender_ledRojo		CODE           	0F60	0000	4
		_encender_ledVerde		CODE           	0094	0000	4
		_ver_clave     		CODE           	0172	0000	60
		_pulsar_boton  		CODE           	0F86	0000	25
		_inicio        		CODE           	00A5	0000	44
		_mover         		CODE           	01F2	0000	77

main.c estimated size: 1097

